// Jest Snapshot v1, https://goo.gl/fbAQLP

exports[`Pruebas en <GifExpertApp /> Debe mostar <GitExpertApp /> correctamente  1`] = `
<Fragment>
  <h2>
    GitExpertApp
  </h2>
  <AddCategory
    setcategories={[Function]}
  />
  <hr />
  <ol>
    <GifGrid
      category="Pokemon"
      key="Pokemon"
    />
  </ol>
</Fragment>
`;
